bun test v1.3.14 (0d9b296a)

 387 pass
 0 fail
 762 expect() calls
Ran 387 tests across 27 files. [201.00ms]
